2026-01-14 21:45:45,510 - MainThread - sqlmesh.core.plan.evaluator - INFO - Evaluating plan stage CreateSnapshotRecordsStage (evaluator.py:123)
2026-01-14 21:45:45,519 - MainThread - sqlmesh.core.plan.evaluator - INFO - Evaluating plan stage PhysicalLayerSchemaCreationStage (evaluator.py:123)
2026-01-14 21:45:45,520 - ThreadPoolExecutor-1_0 - sqlmesh.core.snapshot.evaluator - INFO - Creating schema 'edwards_tavr.scoring' (evaluator.py:1449)
2026-01-14 21:45:45,521 - ThreadPoolExecutor-1_1 - sqlmesh.core.snapshot.evaluator - INFO - Creating schema 'edwards_tavr.mart' (evaluator.py:1449)
2026-01-14 21:45:45,521 - ThreadPoolExecutor-1_2 - sqlmesh.core.snapshot.evaluator - INFO - Creating schema 'edwards_tavr.staging' (evaluator.py:1449)
2026-01-14 21:45:45,521 - ThreadPoolExecutor-1_3 - sqlmesh.core.snapshot.evaluator - INFO - Creating schema 'edwards_tavr.sqlmesh__targeting' (evaluator.py:1449)
2026-01-14 21:45:45,528 - ThreadPoolExecutor-1_0 - sqlmesh.core.engine_adapter.base - INFO - Executing SQL: /* SQLMESH_PLAN: d2957ac5acbd44a9939fb27f06ad57c7 */ CREATE SCHEMA IF NOT EXISTS "scoring" (base.py:2626)
2026-01-14 21:45:45,536 - ThreadPoolExecutor-1_1 - sqlmesh.core.engine_adapter.base - INFO - Executing SQL: /* SQLMESH_PLAN: d2957ac5acbd44a9939fb27f06ad57c7 */ CREATE SCHEMA IF NOT EXISTS "mart" (base.py:2626)
2026-01-14 21:45:45,544 - ThreadPoolExecutor-1_2 - sqlmesh.core.engine_adapter.base - INFO - Executing SQL: /* SQLMESH_PLAN: d2957ac5acbd44a9939fb27f06ad57c7 */ CREATE SCHEMA IF NOT EXISTS "staging" (base.py:2626)
2026-01-14 21:45:45,550 - ThreadPoolExecutor-1_3 - sqlmesh.core.engine_adapter.base - INFO - Executing SQL: /* SQLMESH_PLAN: d2957ac5acbd44a9939fb27f06ad57c7 */ CREATE SCHEMA IF NOT EXISTS "sqlmesh__targeting" (base.py:2626)
2026-01-14 21:45:45,551 - MainThread - sqlmesh.core.plan.evaluator - INFO - Evaluating plan stage BackfillStage (evaluator.py:123)
2026-01-14 21:45:45,553 - ThreadPoolExecutor-2_0 - sqlmesh.core.snapshot.evaluator - INFO - Listing data objects in schema edwards_tavr.sqlmesh__targeting (evaluator.py:1616)
2026-01-14 21:45:45,558 - ThreadPoolExecutor-2_0 - sqlmesh.core.engine_adapter.base - INFO - Executing SQL: /* SQLMESH_PLAN: d2957ac5acbd44a9939fb27f06ad57c7 */ SELECT current_catalog (base.py:2626)
2026-01-14 21:45:45,564 - ThreadPoolExecutor-3_0 - sqlmesh.core.snapshot.evaluator - INFO - Evaluating snapshot SnapshotId<"edwards_tavr"."targeting"."targeting_scores": 1486428928> (evaluator.py:711)
2026-01-14 21:45:45,569 - ThreadPoolExecutor-3_0 - sqlmesh.core.snapshot.evaluator - INFO - Inserting data for snapshot SnapshotId<"edwards_tavr"."targeting"."targeting_scores": 1486428928> (evaluator.py:952)
2026-01-14 21:45:45,582 - ThreadPoolExecutor-3_0 - sqlmesh.core.snapshot.evaluator - INFO - Inserting batch (2024-01-01 00:00:00, 2026-01-15 00:00:00) into edwards_tavr.sqlmesh__targeting.targeting__targeting_scores__1866618285' (evaluator.py:984)
2026-01-14 21:45:45,582 - ThreadPoolExecutor-3_0 - sqlmesh.core.snapshot.evaluator - INFO - Replacing view 'edwards_tavr.sqlmesh__targeting.targeting__targeting_scores__1866618285' (evaluator.py:2676)
2026-01-14 21:45:45,587 - ThreadPoolExecutor-3_0 - sqlmesh.core.engine_adapter.base - INFO - Executing SQL: /* SQLMESH_PLAN: d2957ac5acbd44a9939fb27f06ad57c7 */ CREATE VIEW "sqlmesh__targeting"."targeting__targeting_scores__1866618285" ("hospital_id", "hospital_name", "health_system_name", "state", "city", "is_current_client", "echo_surveillance_active", "workflow_active", "analytics_active", "pilot_phase", "contract_type", "phase_2_tokens_needed", "regional_director", "area_vp", "expressed_interest", "total_tavr_volume", "yoy_growth_pct", "market_share_pct", "primary_emr", "biome_score", "growth_score", "volume_score", "emr_score", "targeting_score", "priority", "bed_count", "bed_size_category", "urban_rural", "teaching_status", "clinical_champion", "clinical_engagement", "admin_champion", "admin_engagement") AS SELECT "h"."hospital_id" AS "hospital_id", "h"."hospital_name" AS "hospital_name", "h"."health_system_name" AS "health_system_name", "h"."state" AS "state", "h"."city" AS "city", COALESCE("br"."is_current_client", FALSE) AS "is_current_client", COALESCE("br"."echo_surveillance_active", FALSE) AS "echo_surveillance_active", COALESCE("br"."workflow_active", FALSE) AS "workflow_active", COALESCE("br"."analytics_active", FALSE) AS "analytics_active", "br"."pilot_phase" AS "pilot_phase", "br"."contract_type" AS "contract_type", "br"."phase_2_tokens_needed" AS "phase_2_tokens_needed", "sc"."regional_director" AS "regional_director", "sc"."area_vp" AS "area_vp", COALESCE("sc"."expressed_interest", FALSE) AS "expressed_interest", "vh"."total_tavr_volume" AS "total_tavr_volume", "vh"."yoy_growth_pct" AS "yoy_growth_pct", "vh"."market_share_pct" AS "market_share_pct", "e"."primary_emr" AS "primary_emr", CASE WHEN COALESCE("br"."echo_surveillance_active", FALSE) AND COALESCE("br"."workflow_active", FALSE) AND COALESCE("br"."analytics_active", FALSE) THEN 2 WHEN COALESCE("br"."echo_surveillance_active", FALSE) OR COALESCE("br"."workflow_active", FALSE) OR COALESCE("br"."analytics_active", FALSE) THEN 1 ELSE 0 END AS "biome_score", CASE WHEN "vh"."yoy_growth_pct" > 20 THEN 2 WHEN "vh"."yoy_growth_pct" > 0 THEN 1 ELSE 0 END AS "growth_score", CASE WHEN COALESCE("vh"."total_tavr_volume", 0) >= 100 THEN 1 ELSE 0 END AS "volume_score", CASE WHEN "e"."primary_emr" IN ('Epic', 'Cerner') THEN 1 ELSE 0 END AS "emr_score", (CASE WHEN COALESCE("br"."echo_surveillance_active", FALSE) AND COALESCE("br"."workflow_active", FALSE) AND COALESCE("br"."analytics_active", FALSE) THEN 2 WHEN COALESCE("br"."echo_surveillance_active", FALSE) OR COALESCE("br"."workflow_active", FALSE) OR COALESCE("br"."analytics_active", FALSE) THEN 1 ELSE 0 END + CASE WHEN "vh"."yoy_growth_pct" > 20 THEN 2 WHEN "vh"."yoy_growth_pct" > 0 THEN 1 ELSE 0 END + CASE WHEN COALESCE("vh"."total_tavr_volume", 0) >= 100 THEN 1 ELSE 0 END + CASE WHEN "e"."primary_emr" IN ('Epic', 'Cerner') THEN 1 ELSE 0 END) AS "targeting_score", CASE WHEN (CASE WHEN COALESCE("br"."echo_surveillance_active", FALSE) AND COALESCE("br"."workflow_active", FALSE) AND COALESCE("br"."analytics_active", FALSE) THEN 2 WHEN COALESCE("br"."echo_surveillance_active", FALSE) OR COALESCE("br"."workflow_active", FALSE) OR COALESCE("br"."analytics_active", FALSE) THEN 1 ELSE 0 END + CASE WHEN "vh"."yoy_growth_pct" > 20 THEN 2 WHEN "vh"."yoy_growth_pct" > 0 THEN 1 ELSE 0 END + CASE WHEN COALESCE("vh"."total_tavr_volume", 0) >= 100 THEN 1 ELSE 0 END + CASE WHEN "e"."primary_emr" IN ('Epic', 'Cerner') THEN 1 ELSE 0 END) >= 5 THEN 'High' WHEN (CASE WHEN COALESCE("br"."echo_surveillance_active", FALSE) AND COALESCE("br"."workflow_active", FALSE) AND COALESCE("br"."analytics_active", FALSE) THEN 2 WHEN COALESCE("br"."echo_surveillance_active", FALSE) OR COALESCE("br"."workflow_active", FALSE) OR COALESCE("br"."analytics_active", FALSE) THEN 1 ELSE 0 END + CASE WHEN "vh"."yoy_growth_pct" > 20 THEN 2 WHEN "vh"."yoy_growth_pct" > 0 THEN 1 ELSE 0 END + CASE WHEN COALESCE("vh"."total_tavr_volume", 0) >= 100 THEN 1 ELSE 0 END + CASE WHEN "e"."primary_emr" IN ('Epic', 'Cerner') THEN 1 ELSE 0 END) >= 3 THEN 'Medium' WHEN (CASE WHEN COALESCE("br"."echo_surveillance_active", FALSE) AND COALESCE("br"."workflow_active", FALSE) AND COALESCE("br"."analytics_active", FALSE) THEN 2 WHEN COALESCE("br"."echo_surveillance_active", FALSE) OR COALESCE("br"."workflow_active", FALSE) OR COALESCE("br"."analytics_active", FALSE) THEN 1 ELSE 0 END + CASE WHEN "vh"."yoy_growth_pct" > 20 THEN 2 WHEN "vh"."yoy_growth_pct" > 0 THEN 1 ELSE 0 END + CASE WHEN COALESCE("vh"."total_tavr_volume", 0) >= 100 THEN 1 ELSE 0 END + CASE WHEN "e"."primary_emr" IN ('Epic', 'Cerner') THEN 1 ELSE 0 END) >= 1 THEN 'Low' ELSE 'DNQ' END AS "priority", "h"."bed_count" AS "bed_count", CASE WHEN "h"."bed_count" >= 500 THEN 'Large' WHEN "h"."bed_count" >= 200 THEN 'Medium' ELSE 'Small' END AS "bed_size_category", "h"."urban_rural" AS "urban_rural", "h"."teaching_status" AS "teaching_status", "cc"."champion_name" AS "clinical_champion", "cc"."engagement_level" AS "clinical_engagement", "ac"."champion_name" AS "admin_champion", "ac"."engagement_level" AS "admin_engagement" FROM "edwards_tavr"."mart"."mart__dim_hospital__430663860" AS "h" LEFT JOIN "edwards_tavr"."targeting"."biome_relationships" AS "br" ON "h"."hospital_id" = "br"."hospital_id" LEFT JOIN "edwards_tavr"."targeting"."sales_coverage" AS "sc" ON "h"."hospital_id" = "sc"."hospital_id" LEFT JOIN "edwards_tavr"."targeting"."volume_history" AS "vh" ON "h"."hospital_id" = "vh"."hospital_id" AND "vh"."fiscal_year" = (SELECT MAX("fiscal_year") FROM "edwards_tavr"."targeting"."volume_history" AS "volume_history") LEFT JOIN "edwards_tavr"."targeting"."emr_systems" AS "e" ON "h"."hospital_id" = "e"."hospital_id" LEFT JOIN LATERAL (SELECT "champion_name", "engagement_level" FROM "edwards_tavr"."targeting"."champions" AS "champions" WHERE "hospital_id" = "h"."hospital_id" AND "champion_type" = 'Clinical' ORDER BY CASE "engagement_level" WHEN 'Advocating' THEN 1 WHEN 'Interested' THEN 2 WHEN 'Passive' THEN 3 ELSE 4 END LIMIT 1) AS "cc" ON TRUE LEFT JOIN LATERAL (SELECT "champion_name", "engagement_level" FROM "edwards_tavr"."targeting"."champions" AS "champions" WHERE "hospital_id" = "h"."hospital_id" AND "champion_type" = 'Administrative' ORDER BY CASE "engagement_level" WHEN 'Advocating' THEN 1 WHEN 'Interested' THEN 2 WHEN 'Passive' THEN 3 ELSE 4 END LIMIT 1) AS "ac" ON TRUE WHERE COALESCE("vh"."total_tavr_volume", 0) > 0 (base.py:2626)
2026-01-14 21:45:45,595 - MainThread - sqlmesh.core.scheduler - INFO - SKIPPED snapshot "edwards_tavr"."targeting"."targeting_summary"
 (scheduler.py:613)
2026-01-14 21:45:45,595 - MainThread - sqlmesh.core.scheduler - INFO - Execution failed for node EvaluateNode(snapshot_name='"edwards_tavr"."targeting"."targeting_scores"', interval=(1704067200000, 1768435200000), batch_index=0) (scheduler.py:618)
Traceback (most recent call last):
  File "/Users/nicholas/Code/dk-data-fe/.venv/lib/python3.13/site-packages/sqlmesh/utils/concurrency.py", line 69, in _process_node
    self.fn(node)
    ~~~~~~~^^^^^^
  File "/Users/nicholas/Code/dk-data-fe/.venv/lib/python3.13/site-packages/sqlmesh/core/scheduler.py", line 554, in run_node
    audit_results = self.evaluate(
        snapshot=snapshot,
    ...<9 lines>...
        selected_models=selected_models,
    )
  File "/Users/nicholas/Code/dk-data-fe/.venv/lib/python3.13/site-packages/sqlmesh/core/scheduler.py", line 229, in evaluate
    wap_id = self.snapshot_evaluator.evaluate(
        snapshot,
    ...<9 lines>...
        **kwargs,
    )
  File "/Users/nicholas/Code/dk-data-fe/.venv/lib/python3.13/site-packages/sqlmesh/core/snapshot/evaluator.py", line 186, in evaluate
    result = self._evaluate_snapshot(
        start=start,
    ...<9 lines>...
        **kwargs,
    )
  File "/Users/nicholas/Code/dk-data-fe/.venv/lib/python3.13/site-packages/sqlmesh/core/snapshot/evaluator.py", line 821, in _evaluate_snapshot
    self._render_and_insert_snapshot(
    ~~~~~~~~~~~~~~~~~~~~~~~~~~~~~~~~^
        start=start,
        ^^^^^^^^^^^^
    ...<10 lines>...
        batch_index=batch_index,
        ^^^^^^^^^^^^^^^^^^^^^^^^
    )
    ^
  File "/Users/nicholas/Code/dk-data-fe/.venv/lib/python3.13/site-packages/sqlmesh/core/snapshot/evaluator.py", line 1041, in _render_and_insert_snapshot
    apply(query_or_df, index)
    ~~~~~^^^^^^^^^^^^^^^^^^^^
  File "/Users/nicholas/Code/dk-data-fe/.venv/lib/python3.13/site-packages/sqlmesh/core/snapshot/evaluator.py", line 990, in apply
    evaluation_strategy.insert(
    ~~~~~~~~~~~~~~~~~~~~~~~~~~^
        table_name=target_table_name,
        ^^^^^^^^^^^^^^^^^^^^^^^^^^^^^
    ...<12 lines>...
        is_snapshot_deployable=is_snapshot_deployable,
        ^^^^^^^^^^^^^^^^^^^^^^^^^^^^^^^^^^^^^^^^^^^^^^
    )
    ^
  File "/Users/nicholas/Code/dk-data-fe/.venv/lib/python3.13/site-packages/sqlmesh/core/snapshot/evaluator.py", line 2677, in insert
    self.adapter.create_view(
    ~~~~~~~~~~~~~~~~~~~~~~~~^
        table_name,
        ^^^^^^^^^^^
    ...<6 lines>...
        column_descriptions=model.column_descriptions,
        ^^^^^^^^^^^^^^^^^^^^^^^^^^^^^^^^^^^^^^^^^^^^^^
    )
    ^
  File "/Users/nicholas/Code/dk-data-fe/.venv/lib/python3.13/site-packages/sqlmesh/core/engine_adapter/shared.py", line 350, in internal_wrapper
    return func(*list_args, **kwargs)
  File "/Users/nicholas/Code/dk-data-fe/.venv/lib/python3.13/site-packages/sqlmesh/core/engine_adapter/base_postgres.py", line 127, in create_view
    super().create_view(
    ~~~~~~~~~~~~~~~~~~~^
        view_name,
        ^^^^^^^^^^
    ...<9 lines>...
        **create_kwargs,
        ^^^^^^^^^^^^^^^^
    )
    ^
  File "/Users/nicholas/Code/dk-data-fe/.venv/lib/python3.13/site-packages/sqlmesh/core/engine_adapter/shared.py", line 335, in internal_wrapper
    return func(*list_args, **kwargs)
  File "/Users/nicholas/Code/dk-data-fe/.venv/lib/python3.13/site-packages/sqlmesh/core/engine_adapter/base.py", line 1343, in create_view
    self.execute(
    ~~~~~~~~~~~~^
        exp.Create(
        ^^^^^^^^^^^
    ...<6 lines>...
        quote_identifiers=self.QUOTE_IDENTIFIERS_IN_VIEWS,
        ^^^^^^^^^^^^^^^^^^^^^^^^^^^^^^^^^^^^^^^^^^^^^^^^^^
    )
    ^
  File "/Users/nicholas/Code/dk-data-fe/.venv/lib/python3.13/site-packages/sqlmesh/core/engine_adapter/base.py", line 2603, in execute
    self._execute(sql, track_rows_processed, **kwargs)
    ~~~~~~~~~~~~~^^^^^^^^^^^^^^^^^^^^^^^^^^^^^^^^^^^^^
  File "/Users/nicholas/Code/dk-data-fe/.venv/lib/python3.13/site-packages/sqlmesh/core/engine_adapter/base.py", line 2635, in _execute
    self.cursor.execute(sql, **kwargs)
    ~~~~~~~~~~~~~~~~~~~^^^^^^^^^^^^^^^
psycopg2.errors.UndefinedColumn: column h.urban_rural does not exist
LINE 1: ...'Medium' ELSE 'Small' END AS "bed_size_category", "h"."urban...
                                                             ^


The above exception was the direct cause of the following exception:

sqlmesh.utils.concurrency.NodeExecutionFailedError: Execution failed for node EvaluateNode(snapshot_name='"edwards_tavr"."targeting"."targeting_scores"', interval=(1704067200000, 1768435200000), batch_index=0)
2026-01-14 21:45:45,599 - MainThread - sqlmesh.core.context - INFO - Plan application failed. (context.py:1797)
Traceback (most recent call last):
  File "/Users/nicholas/Code/dk-data-fe/.venv/lib/python3.13/site-packages/sqlmesh/core/context.py", line 1789, in apply
    self._apply(plan, circuit_breaker)
    ~~~~~~~~~~~^^^^^^^^^^^^^^^^^^^^^^^
  File "/Users/nicholas/Code/dk-data-fe/.venv/lib/python3.13/site-packages/sqlmesh/core/context.py", line 2582, in _apply
    self._scheduler.create_plan_evaluator(self).evaluate(
    ~~~~~~~~~~~~~~~~~~~~~~~~~~~~~~~~~~~~~~~~~~~~~~~~~~~~^
        plan.to_evaluatable(), circuit_breaker=circuit_breaker
        ^^^^^^^^^^^^^^^^^^^^^^^^^^^^^^^^^^^^^^^^^^^^^^^^^^^^^^
    )
    ^
  File "/Users/nicholas/Code/dk-data-fe/.venv/lib/python3.13/site-packages/sqlmesh/core/plan/evaluator.py", line 105, in evaluate
    self._evaluate_stages(plan_stages, plan)
    ~~~~~~~~~~~~~~~~~~~~~^^^^^^^^^^^^^^^^^^^
  File "/Users/nicholas/Code/dk-data-fe/.venv/lib/python3.13/site-packages/sqlmesh/core/plan/evaluator.py", line 125, in _evaluate_stages
    handler(stage, plan)
    ~~~~~~~^^^^^^^^^^^^^
  File "/Users/nicholas/Code/dk-data-fe/.venv/lib/python3.13/site-packages/sqlmesh/core/plan/evaluator.py", line 264, in visit_backfill_stage
    raise PlanError("Plan application failed.")
sqlmesh.utils.errors.PlanError: Plan application failed.
2026-01-14 21:45:45,599 - MainThread - root - INFO - Shutting down the event dispatcher (dispatcher.py:159)
