2026-01-15 09:33:13,114 - MainThread - sqlmesh.core.state_sync.common - INFO - Cleaned up 0 expired snapshots (janitor.py:181)
2026-01-15 09:33:13,116 - MainThread - sqlmesh.core.state_sync.db.interval - INFO - Compacting 19 intervals for 19 snapshots (interval.py:130)
2026-01-15 09:33:13,116 - MainThread - sqlmesh.core.state_sync.db.interval - INFO - Pushing intervals for snapshot SnapshotId<"edwards_tavr"."mart"."dim_hospital": 499259405> (interval.py:215)
2026-01-15 09:33:13,116 - MainThread - sqlmesh.core.state_sync.db.interval - INFO - Pushing intervals for snapshot SnapshotId<"edwards_tavr"."mart"."dim_hospital": 2106695371> (interval.py:215)
2026-01-15 09:33:13,116 - MainThread - sqlmesh.core.state_sync.db.interval - INFO - Pushing intervals for snapshot SnapshotId<"edwards_tavr"."mart"."fact_financial_metrics": 776640859> (interval.py:215)
2026-01-15 09:33:13,116 - MainThread - sqlmesh.core.state_sync.db.interval - INFO - Pushing intervals for snapshot SnapshotId<"edwards_tavr"."mart"."fact_financial_metrics": 2941348060> (interval.py:215)
2026-01-15 09:33:13,116 - MainThread - sqlmesh.core.state_sync.db.interval - INFO - Pushing intervals for snapshot SnapshotId<"edwards_tavr"."mart"."fact_tavr_program": 2538063986> (interval.py:215)
2026-01-15 09:33:13,116 - MainThread - sqlmesh.core.state_sync.db.interval - INFO - Pushing intervals for snapshot SnapshotId<"edwards_tavr"."mart"."fact_tavr_program": 3756714233> (interval.py:215)
2026-01-15 09:33:13,116 - MainThread - sqlmesh.core.state_sync.db.interval - INFO - Pushing intervals for snapshot SnapshotId<"edwards_tavr"."scoring"."score_factors": 1733081920> (interval.py:215)
2026-01-15 09:33:13,116 - MainThread - sqlmesh.core.state_sync.db.interval - INFO - Pushing intervals for snapshot SnapshotId<"edwards_tavr"."scoring"."score_factors": 594698245> (interval.py:215)
2026-01-15 09:33:13,116 - MainThread - sqlmesh.core.state_sync.db.interval - INFO - Pushing intervals for snapshot SnapshotId<"edwards_tavr"."scoring"."target_scores": 689982540> (interval.py:215)
2026-01-15 09:33:13,116 - MainThread - sqlmesh.core.state_sync.db.interval - INFO - Pushing intervals for snapshot SnapshotId<"edwards_tavr"."scoring"."target_scores": 664427742> (interval.py:215)
2026-01-15 09:33:13,116 - MainThread - sqlmesh.core.state_sync.db.interval - INFO - Pushing intervals for snapshot SnapshotId<"edwards_tavr"."staging"."certifications": 1510501521> (interval.py:215)
2026-01-15 09:33:13,116 - MainThread - sqlmesh.core.state_sync.db.interval - INFO - Pushing intervals for snapshot SnapshotId<"edwards_tavr"."staging"."geographic_designations": 3581139378> (interval.py:215)
2026-01-15 09:33:13,116 - MainThread - sqlmesh.core.state_sync.db.interval - INFO - Pushing intervals for snapshot SnapshotId<"edwards_tavr"."staging"."hospitals": 3245515607> (interval.py:215)
2026-01-15 09:33:13,116 - MainThread - sqlmesh.core.state_sync.db.interval - INFO - Pushing intervals for snapshot SnapshotId<"edwards_tavr"."staging"."hospitals": 2879379027> (interval.py:215)
2026-01-15 09:33:13,116 - MainThread - sqlmesh.core.state_sync.db.interval - INFO - Pushing intervals for snapshot SnapshotId<"edwards_tavr"."staging"."tavr_volumes": 2247780183> (interval.py:215)
2026-01-15 09:33:13,116 - MainThread - sqlmesh.core.state_sync.db.interval - INFO - Pushing intervals for snapshot SnapshotId<"edwards_tavr"."targeting"."targeting_scores": 3774484022> (interval.py:215)
2026-01-15 09:33:13,116 - MainThread - sqlmesh.core.state_sync.db.interval - INFO - Pushing intervals for snapshot SnapshotId<"edwards_tavr"."targeting"."targeting_scores": 236559034> (interval.py:215)
2026-01-15 09:33:13,117 - MainThread - sqlmesh.core.state_sync.db.interval - INFO - Pushing intervals for snapshot SnapshotId<"edwards_tavr"."targeting"."targeting_summary": 2416226625> (interval.py:215)
2026-01-15 09:33:13,117 - MainThread - sqlmesh.core.state_sync.db.interval - INFO - Pushing intervals for snapshot SnapshotId<"edwards_tavr"."targeting"."targeting_summary": 3826203427> (interval.py:215)
2026-01-15 09:33:13,207 - MainThread - root - INFO - Shutting down the event dispatcher (dispatcher.py:159)
