2026-01-15 09:35:05,406 - MainThread - sqlmesh.core.plan.evaluator - INFO - Evaluating plan stage PhysicalLayerSchemaCreationStage (evaluator.py:123)
2026-01-15 09:35:05,407 - ThreadPoolExecutor-1_0 - sqlmesh.core.snapshot.evaluator - INFO - Creating schema 'edwards_tavr.scoring' (evaluator.py:1449)
2026-01-15 09:35:05,407 - ThreadPoolExecutor-1_1 - sqlmesh.core.snapshot.evaluator - INFO - Creating schema 'edwards_tavr.staging' (evaluator.py:1449)
2026-01-15 09:35:05,408 - ThreadPoolExecutor-1_2 - sqlmesh.core.snapshot.evaluator - INFO - Creating schema 'edwards_tavr.mart' (evaluator.py:1449)
2026-01-15 09:35:05,408 - ThreadPoolExecutor-1_3 - sqlmesh.core.snapshot.evaluator - INFO - Creating schema 'edwards_tavr.sqlmesh__targeting' (evaluator.py:1449)
2026-01-15 09:35:05,416 - ThreadPoolExecutor-1_0 - sqlmesh.core.engine_adapter.base - INFO - Executing SQL: /* SQLMESH_PLAN: 9c65a8d8ddfc49ada57ce7a702000afe */ CREATE SCHEMA IF NOT EXISTS "scoring" (base.py:2626)
2026-01-15 09:35:05,422 - ThreadPoolExecutor-1_1 - sqlmesh.core.engine_adapter.base - INFO - Executing SQL: /* SQLMESH_PLAN: 9c65a8d8ddfc49ada57ce7a702000afe */ CREATE SCHEMA IF NOT EXISTS "staging" (base.py:2626)
2026-01-15 09:35:05,428 - ThreadPoolExecutor-1_2 - sqlmesh.core.engine_adapter.base - INFO - Executing SQL: /* SQLMESH_PLAN: 9c65a8d8ddfc49ada57ce7a702000afe */ CREATE SCHEMA IF NOT EXISTS "mart" (base.py:2626)
2026-01-15 09:35:05,433 - ThreadPoolExecutor-1_3 - sqlmesh.core.engine_adapter.base - INFO - Executing SQL: /* SQLMESH_PLAN: 9c65a8d8ddfc49ada57ce7a702000afe */ CREATE SCHEMA IF NOT EXISTS "sqlmesh__targeting" (base.py:2626)
2026-01-15 09:35:05,434 - MainThread - sqlmesh.core.plan.evaluator - INFO - Evaluating plan stage BackfillStage (evaluator.py:123)
2026-01-15 09:35:05,436 - ThreadPoolExecutor-2_0 - sqlmesh.core.snapshot.evaluator - INFO - Listing data objects in schema edwards_tavr.sqlmesh__targeting (evaluator.py:1616)
2026-01-15 09:35:05,441 - ThreadPoolExecutor-2_0 - sqlmesh.core.engine_adapter.base - INFO - Executing SQL: /* SQLMESH_PLAN: 9c65a8d8ddfc49ada57ce7a702000afe */ SELECT current_catalog (base.py:2626)
2026-01-15 09:35:05,451 - ThreadPoolExecutor-3_0 - sqlmesh.core.snapshot.evaluator - INFO - Evaluating snapshot SnapshotId<"edwards_tavr"."targeting"."targeting_scores": 236559034> (evaluator.py:711)
2026-01-15 09:35:05,457 - ThreadPoolExecutor-3_0 - sqlmesh.core.snapshot.evaluator - INFO - Inserting data for snapshot SnapshotId<"edwards_tavr"."targeting"."targeting_scores": 236559034> (evaluator.py:952)
2026-01-15 09:35:05,470 - ThreadPoolExecutor-3_0 - sqlmesh.core.snapshot.evaluator - INFO - Inserting batch (2024-01-01 00:00:00, 2026-01-15 00:00:00) into edwards_tavr.sqlmesh__targeting.targeting__targeting_scores__4138777834' (evaluator.py:984)
2026-01-15 09:35:05,471 - ThreadPoolExecutor-3_0 - sqlmesh.core.engine_adapter.base - INFO - Executing SQL: /* SQLMESH_PLAN: 9c65a8d8ddfc49ada57ce7a702000afe */ SELECT 1 FROM "information_schema"."tables" WHERE "table_name" = 'targeting__targeting_scores__4138777834' AND "table_schema" = 'sqlmesh__targeting' (base.py:2626)
2026-01-15 09:35:05,475 - ThreadPoolExecutor-3_0 - sqlmesh.core.snapshot.evaluator - INFO - Skipping creation of the view 'edwards_tavr.sqlmesh__targeting.targeting__targeting_scores__4138777834' (evaluator.py:2673)
2026-01-15 09:35:05,483 - ThreadPoolExecutor-3_0 - sqlmesh.core.state_sync.db.facade - INFO - Adding interval (2024-01-01 00:00:00, 2026-01-15 00:00:00) for snapshot SnapshotId<"edwards_tavr"."targeting"."targeting_scores": 236559034> (facade.py:637)
2026-01-15 09:35:05,483 - ThreadPoolExecutor-3_0 - sqlmesh.core.state_sync.db.interval - INFO - Pushing intervals for snapshot SnapshotId<"edwards_tavr"."targeting"."targeting_scores": 236559034> (interval.py:215)
2026-01-15 09:35:05,487 - ThreadPoolExecutor-3_1 - sqlmesh.core.snapshot.evaluator - INFO - Evaluating snapshot SnapshotId<"edwards_tavr"."targeting"."targeting_summary": 3826203427> (evaluator.py:711)
2026-01-15 09:35:05,493 - ThreadPoolExecutor-3_1 - sqlmesh.core.snapshot.evaluator - INFO - Inserting data for snapshot SnapshotId<"edwards_tavr"."targeting"."targeting_summary": 3826203427> (evaluator.py:952)
2026-01-15 09:35:05,501 - ThreadPoolExecutor-3_1 - sqlmesh.core.snapshot.evaluator - INFO - Inserting batch (2024-01-01 00:00:00, 2026-01-15 00:00:00) into edwards_tavr.sqlmesh__targeting.targeting__targeting_summary__79139009' (evaluator.py:984)
2026-01-15 09:35:05,502 - ThreadPoolExecutor-3_1 - sqlmesh.core.engine_adapter.base - INFO - Executing SQL: /* SQLMESH_PLAN: 9c65a8d8ddfc49ada57ce7a702000afe */ SELECT 1 FROM "information_schema"."tables" WHERE "table_name" = 'targeting__targeting_summary__79139009' AND "table_schema" = 'sqlmesh__targeting' (base.py:2626)
2026-01-15 09:35:05,507 - ThreadPoolExecutor-3_1 - sqlmesh.core.snapshot.evaluator - INFO - Skipping creation of the view 'edwards_tavr.sqlmesh__targeting.targeting__targeting_summary__79139009' (evaluator.py:2673)
2026-01-15 09:35:05,514 - ThreadPoolExecutor-3_1 - sqlmesh.core.state_sync.db.facade - INFO - Adding interval (2024-01-01 00:00:00, 2026-01-15 00:00:00) for snapshot SnapshotId<"edwards_tavr"."targeting"."targeting_summary": 3826203427> (facade.py:637)
2026-01-15 09:35:05,514 - ThreadPoolExecutor-3_1 - sqlmesh.core.state_sync.db.interval - INFO - Pushing intervals for snapshot SnapshotId<"edwards_tavr"."targeting"."targeting_summary": 3826203427> (interval.py:215)
2026-01-15 09:35:05,519 - MainThread - sqlmesh.core.plan.evaluator - INFO - Evaluating plan stage RestatementStage (evaluator.py:123)
2026-01-15 09:35:05,522 - MainThread - sqlmesh.core.plan.evaluator - INFO - Evaluating plan stage EnvironmentRecordUpdateStage (evaluator.py:123)
2026-01-15 09:35:05,522 - MainThread - sqlmesh.core.state_sync.db.facade - INFO - Promoting environment 'prod' (facade.py:167)
2026-01-15 09:35:05,529 - MainThread - sqlmesh.core.plan.evaluator - INFO - Evaluating plan stage FinalizeEnvironmentStage (evaluator.py:123)
2026-01-15 09:35:05,529 - MainThread - sqlmesh.core.state_sync.db.environment - INFO - Finalizing environment 'prod' (environment.py:141)
2026-01-15 09:35:05,530 - MainThread - root - INFO - Shutting down the event dispatcher (dispatcher.py:159)
